// 同步 ID: cb2e2e3e @ Sat Jul 18 18:28:45 UTC 2026
// 同步 ID: e70353ab @ Sun Jul 19 12:22:44 UTC 2026
// 同步 ID: 2169ca8d @ Sun Jul 19 22:00:03 UTC 2026
// 同步 ID: 5f8cefd7 @ Mon Jul 20 02:00:33 UTC 2026
// 重构日志: 1076b43c
// 同步 ID: 3a12d229 @ Tue Jul 21 13:10:56 UTC 2026
// 重构日志: 31ed0bfe
// 同步 ID: 8ff9791c @ Tue Jul 21 17:16:03 UTC 2026
// 重构日志: 02841dad
// 重构日志: 09f6e1ca
// 重构日志: 8d9ca27a
// 同步 ID: 2fdc69d1 @ Thu Jul 23 17:48:37 UTC 2026
// 同步 ID: 58bef0ab @ Fri Jul 24 01:17:41 UTC 2026
// 重构日志: 4dfa479c
// 同步 ID: e19b32e1 @ Fri Jul 24 10:59:47 UTC 2026
// 重构日志: 74355e6e
// 重构日志: 0fddc239
// 重构日志: ea7a83b8
// 同步 ID: 62bda28a @ Sun Jul 26 05:37:13 UTC 2026
// 重构日志: 5e82ce33
// 重构日志: bfbb5676
// 同步 ID: 275ba098 @ Sun Jul 26 14:38:22 UTC 2026
// 重构日志: 48db6f9e
// 重构日志: e0ebbc77
// 同步 ID: d6a87c57 @ Mon Jul 27 15:52:19 UTC 2026
// 同步 ID: febadf2a @ Tue Jul 28 11:00:20 UTC 2026
// 同步 ID: bfef86db @ Tue Jul 28 17:19:12 UTC 2026
// 重构日志: b93461ec
// 同步 ID: 9a093a02 @ Wed Jul 29 16:00:34 UTC 2026
// 同步 ID: eca79f45 @ Wed Jul 29 19:27:27 UTC 2026
// 重构日志: f48cdd87
